WARNING ⚠️ Unable to automatically guess model task, assuming 'task=detect'. Explicitly define task for your model, i.e. 'task=detect', 'segment', 'classify', 'pose', 'obb' or 'semantic'.
Loading models/ncnn/yolo26n_ppe_best_ncnn_model for NCNN inference...
{
  "name": "controlled_ppe_ncnn_r3",
  "model": "models/ncnn/yolo26n_ppe_best_ncnn_model",
  "source": "benchmarks/live-video/recordings/processed/esp32_controlled_5min_11fps.mp4",
  "imgsz": 320,
  "conf": 0.25,
  "iou": 0.7,
  "vid_stride": 1,
  "warmup_frames_excluded": 10,
  "source_width": 640,
  "source_height": 480,
  "source_fps": 11.0,
  "source_frames": 3301,
  "source_duration_seconds": 300.09090909090907,
  "processed_frames": 3301,
  "measured_frames": 3291,
  "total_processing_seconds": 90.99913233300322,
  "processing_fps": 36.27507115035212,
  "real_time_factor": 0.3032385506401198,
  "mean_frame_wall_ms": 27.130501760558737,
  "median_frame_wall_ms": 20.939132999046706,
  "p95_frame_wall_ms": 57.30834400128515,
  "mean_preprocess_ms": 1.6478953157255756,
  "mean_inference_ms": 23.216012676414145,
  "median_inference_ms": 16.991929998766864,
  "p95_inference_ms": 53.96144950100279,
  "inference_sd_ms": 15.587027568791832,
  "mean_postprocess_ms": 1.0932818654016603,
  "peak_rss_mb": 783.921875,
  "start_temperature": "temp=56.0'C",
  "end_temperature": "temp=65.3'C",
  "start_throttled": "throttled=0x0",
  "end_throttled": "throttled=0x0",
  "python_version": "3.13.5",
  "class_counts": {
    "Person": 3269,
    "vest": 2227,
    "helmet": 1934,
    "boots": 1070,
    "gloves": 206,
    "no_helmet": 96,
    "none": 728,
    "no_goggle": 12,
    "no_gloves": 2
  },
  "mean_confidence_by_class": {
    "Person": 0.7717645877944326,
    "vest": 0.8161120095700494,
    "helmet": 0.7380218348064245,
    "boots": 0.3340612678884346,
    "gloves": 0.40127237560679613,
    "no_helmet": 0.30781809488932294,
    "none": 0.506716550051511,
    "no_goggle": 0.28594970703125,
    "no_gloves": 0.32568359375
  }
}
	Command being timed: "python benchmarks/live-video/scripts/benchmark_video.py --model models/ncnn/yolo26n_ppe_best_ncnn_model --source benchmarks/live-video/recordings/processed/esp32_controlled_5min_11fps.mp4 --name controlled_ppe_ncnn_r3 --output-dir results/controlled-video --imgsz 320 --conf 0.25 --iou 0.7"
	User time (seconds): 282.25
	System time (seconds): 2.62
	Percent of CPU this job got: 301%
	Elapsed (wall clock) time (h:mm:ss or m:ss): 1:34.40
	Average shared text size (kbytes): 0
	Average unshared data size (kbytes): 0
	Average stack size (kbytes): 0
	Average total size (kbytes): 0
	Maximum resident set size (kbytes): 892368
	Average resident set size (kbytes): 0
	Major (requiring I/O) page faults: 0
	Minor (reclaiming a frame) page faults: 41334
	Voluntary context switches: 281140
	Involuntary context switches: 77357
	Swaps: 0
	File system inputs: 0
	File system outputs: 576
	Socket messages sent: 0
	Socket messages received: 0
	Signals delivered: 0
	Page size (bytes): 16384
	Exit status: 0
