WARNING ⚠️ Unable to automatically guess model task, assuming 'task=detect'. Explicitly define task for your model, i.e. 'task=detect', 'segment', 'classify', 'pose', 'obb' or 'semantic'.
Loading models/ncnn/yolo26n_ppe_best_ncnn_model for NCNN inference...
{
  "name": "controlled_ppe_ncnn_r1",
  "model": "models/ncnn/yolo26n_ppe_best_ncnn_model",
  "source": "benchmarks/live-video/recordings/processed/esp32_controlled_5min_11fps.mp4",
  "imgsz": 320,
  "conf": 0.25,
  "iou": 0.7,
  "vid_stride": 1,
  "warmup_frames_excluded": 10,
  "source_width": 640,
  "source_height": 480,
  "source_fps": 11.0,
  "source_frames": 3301,
  "source_duration_seconds": 300.09090909090907,
  "processed_frames": 3301,
  "measured_frames": 3291,
  "total_processing_seconds": 94.07221949599989,
  "processing_fps": 35.09006184488253,
  "real_time_factor": 0.3134790713286879,
  "mean_frame_wall_ms": 28.05012651868833,
  "median_frame_wall_ms": 21.12345099885715,
  "p95_frame_wall_ms": 59.0440905016294,
  "mean_preprocess_ms": 1.6922410346599697,
  "mean_inference_ms": 24.022655008193407,
  "median_inference_ms": 17.119634998380207,
  "p95_inference_ms": 54.99004450030043,
  "inference_sd_ms": 18.288084631731802,
  "mean_postprocess_ms": 1.1653446517764992,
  "peak_rss_mb": 783.796875,
  "start_temperature": "temp=53.2'C",
  "end_temperature": "temp=63.7'C",
  "start_throttled": "throttled=0x0",
  "end_throttled": "throttled=0x0",
  "python_version": "3.13.5",
  "class_counts": {
    "Person": 3269,
    "vest": 2227,
    "helmet": 1934,
    "boots": 1070,
    "gloves": 206,
    "no_helmet": 96,
    "none": 728,
    "no_goggle": 12,
    "no_gloves": 2
  },
  "mean_confidence_by_class": {
    "Person": 0.7717645877944326,
    "vest": 0.8161120095700494,
    "helmet": 0.7380218348064245,
    "boots": 0.3340612678884346,
    "gloves": 0.40127237560679613,
    "no_helmet": 0.30781809488932294,
    "none": 0.506716550051511,
    "no_goggle": 0.28594970703125,
    "no_gloves": 0.32568359375
  }
}
	Command being timed: "python benchmarks/live-video/scripts/benchmark_video.py --model models/ncnn/yolo26n_ppe_best_ncnn_model --source benchmarks/live-video/recordings/processed/esp32_controlled_5min_11fps.mp4 --name controlled_ppe_ncnn_r1 --output-dir results/controlled-video --imgsz 320 --conf 0.25 --iou 0.7"
	User time (seconds): 288.81
	System time (seconds): 3.10
	Percent of CPU this job got: 299%
	Elapsed (wall clock) time (h:mm:ss or m:ss): 1:37.45
	Average shared text size (kbytes): 0
	Average unshared data size (kbytes): 0
	Average stack size (kbytes): 0
	Average total size (kbytes): 0
	Maximum resident set size (kbytes): 902384
	Average resident set size (kbytes): 0
	Major (requiring I/O) page faults: 1
	Minor (reclaiming a frame) page faults: 41328
	Voluntary context switches: 298455
	Involuntary context switches: 83775
	Swaps: 0
	File system inputs: 256
	File system outputs: 576
	Socket messages sent: 0
	Socket messages received: 0
	Signals delivered: 0
	Page size (bytes): 16384
	Exit status: 0
